pg_dump: executing SELECT pg_catalog.set_config('search_path', '', false);
pg_dump: last built-in OID is 16383
pg_dump: reading extensions
pg_dump: identifying extension members
pg_dump: reading schemas
pg_dump: reading user-defined tables
pg_dump: reading user-defined functions
pg_dump: reading user-defined types
pg_dump: reading procedural languages
pg_dump: reading user-defined aggregate functions
pg_dump: reading user-defined operators
pg_dump: reading user-defined access methods
pg_dump: reading user-defined operator classes
pg_dump: reading user-defined operator families
pg_dump: reading user-defined text search parsers
pg_dump: reading user-defined text search templates
pg_dump: reading user-defined text search dictionaries
pg_dump: reading user-defined text search configurations
pg_dump: reading user-defined foreign-data wrappers
pg_dump: reading user-defined foreign servers
pg_dump: reading default privileges
pg_dump: reading user-defined collations
pg_dump: reading user-defined conversions
pg_dump: reading type casts
pg_dump: reading transforms
pg_dump: reading table inheritance information
pg_dump: reading event triggers
pg_dump: finding extension tables
pg_dump: finding inheritance relationships
pg_dump: reading column info for interesting tables
pg_dump: finding table default expressions
pg_dump: finding table check constraints
pg_dump: flagging inherited columns in subtables
pg_dump: reading partitioning data
pg_dump: reading indexes
pg_dump: flagging indexes in partitioned tables
pg_dump: reading extended statistics
pg_dump: reading constraints
pg_dump: reading triggers
pg_dump: reading rewrite rules
pg_dump: reading policies
pg_dump: reading row-level security policies
pg_dump: reading publications
pg_dump: reading publication membership of tables
pg_dump: reading publication membership of schemas
pg_dump: reading subscriptions
pg_dump: reading subscription membership of tables
pg_dump: reading dependency data
pg_dump: saving encoding = UTF8
pg_dump: saving "standard_conforming_strings = on"
pg_dump: saving "search_path = "
pg_dump: saving database definition
pg_dump: dumping contents of table "public.agent_conversations"
pg_dump: dumping contents of table "public.agent_messages"
pg_dump: dumping contents of table "public.agent_quotas"
pg_dump: dumping contents of table "public.agent_settings"
pg_dump: dumping contents of table "public.agent_usage"
pg_dump: dumping contents of table "public.charges"
pg_dump: dumping contents of table "public.draw_configs"
pg_dump: dumping contents of table "public.event_actions"
pg_dump: dumping contents of table "public.event_attendance"
pg_dump: dumping contents of table "public.event_recurrences"
pg_dump: dumping contents of table "public.event_settings"
pg_dump: dumping contents of table "public.events"
pg_dump: dumping contents of table "public.expenses"
pg_dump: dumping contents of table "public.group_members"
pg_dump: dumping contents of table "public.group_subscriptions"
pg_dump: dumping contents of table "public.groups"
pg_dump: dumping contents of table "public.invites"
pg_dump: dumping contents of table "public.mvp_tiebreaker_votes"
pg_dump: dumping contents of table "public.mvp_tiebreakers"
pg_dump: dumping contents of table "public.player_ratings"
pg_dump: dumping contents of table "public.schema_migrations"
pg_dump: dumping contents of table "public.scoring_configs"
pg_dump: dumping contents of table "public.season_snapshots"
pg_dump: dumping contents of table "public.seasons"
pg_dump: dumping contents of table "public.subscription_plans"
pg_dump: dumping contents of table "public.team_members"
pg_dump: dumping contents of table "public.teams"
pg_dump: dumping contents of table "public.transactions"
pg_dump: dumping contents of table "public.users"
pg_dump: dumping contents of table "public.venues"
pg_dump: dumping contents of table "public.wallets"
pg_restore: connecting to database for restore
pg_restore: executing SELECT pg_catalog.set_config('search_path', '', false);
pg_restore: creating FUNCTION "public.refresh_event_scoreboard()"
pg_restore: creating FUNCTION "public.update_updated_at_column()"
pg_restore: creating COMMENT "public.FUNCTION update_updated_at_column()"
pg_restore: creating FUNCTION "public.uuid_generate_v4()"
pg_restore: while PROCESSING TOC:
pg_restore: from TOC entry 486; 1255 17892 FUNCTION uuid_generate_v4() postgres
pg_restore: error: could not execute query: ERROR:  function "uuid_generate_v4" already exists with same argument types
Command was: CREATE FUNCTION public.uuid_generate_v4() RETURNS uuid
    LANGUAGE sql
    AS $$ SELECT extensions.uuid_generate_v4(); $$;


pg_restore: creating TABLE "public.group_members"
pg_restore: creating COMMENT "public.COLUMN group_members.deleted_at"
pg_restore: creating VIEW "public.active_group_members"
pg_restore: creating COMMENT "public.VIEW active_group_members"
pg_restore: creating TABLE "public.groups"
pg_restore: creating COMMENT "public.COLUMN groups.deleted_at"
pg_restore: creating VIEW "public.active_groups"
pg_restore: creating COMMENT "public.VIEW active_groups"
pg_restore: creating TABLE "public.agent_conversations"
pg_restore: creating TABLE "public.agent_messages"
pg_restore: creating TABLE "public.agent_quotas"
pg_restore: creating TABLE "public.agent_settings"
pg_restore: creating TABLE "public.agent_usage"
pg_restore: creating TABLE "public.charges"
pg_restore: creating COMMENT "public.COLUMN charges.event_id"
pg_restore: creating COMMENT "public.COLUMN charges.deleted_at"
pg_restore: creating TABLE "public.draw_configs"
pg_restore: creating COMMENT "public.TABLE draw_configs"
pg_restore: creating COMMENT "public.COLUMN draw_configs.players_per_team"
pg_restore: creating COMMENT "public.COLUMN draw_configs.reserves_per_team"
pg_restore: creating COMMENT "public.COLUMN draw_configs.gk_count"
pg_restore: creating COMMENT "public.COLUMN draw_configs.defender_count"
pg_restore: creating COMMENT "public.COLUMN draw_configs.midfielder_count"
pg_restore: creating COMMENT "public.COLUMN draw_configs.forward_count"
pg_restore: creating TABLE "public.event_actions"
pg_restore: creating TABLE "public.event_attendance"
pg_restore: creating COMMENT "public.COLUMN event_attendance.preferred_position"
pg_restore: creating COMMENT "public.COLUMN event_attendance.secondary_position"
pg_restore: creating COMMENT "public.COLUMN event_attendance.removed_by_self_at"
pg_restore: creating TABLE "public.event_recurrences"
pg_restore: creating TABLE "public.event_settings"
pg_restore: creating TABLE "public.events"
pg_restore: creating TABLE "public.expenses"
pg_restore: creating TABLE "public.group_subscriptions"
pg_restore: creating TABLE "public.invites"
pg_restore: creating COMMENT "public.COLUMN invites.deleted_at"
pg_restore: creating TABLE "public.teams"
pg_restore: creating MATERIALIZED VIEW "public.mv_event_scoreboard"
pg_restore: creating TABLE "public.mvp_tiebreaker_votes"
pg_restore: creating COMMENT "public.TABLE mvp_tiebreaker_votes"
pg_restore: creating COMMENT "public.COLUMN mvp_tiebreaker_votes.tiebreaker_id"
pg_restore: creating COMMENT "public.COLUMN mvp_tiebreaker_votes.voter_user_id"
pg_restore: creating COMMENT "public.COLUMN mvp_tiebreaker_votes.voted_user_id"
pg_restore: creating TABLE "public.mvp_tiebreakers"
pg_restore: creating COMMENT "public.TABLE mvp_tiebreakers"
pg_restore: creating COMMENT "public.COLUMN mvp_tiebreakers.round"
pg_restore: creating COMMENT "public.COLUMN mvp_tiebreakers.status"
pg_restore: creating COMMENT "public.COLUMN mvp_tiebreakers.tied_user_ids"
pg_restore: creating COMMENT "public.COLUMN mvp_tiebreakers.winner_user_id"
pg_restore: creating COMMENT "public.COLUMN mvp_tiebreakers.decided_by"
pg_restore: creating TABLE "public.player_ratings"
pg_restore: creating TABLE "public.schema_migrations"
pg_restore: creating SEQUENCE "public.schema_migrations_id_seq"
pg_restore: creating SEQUENCE OWNED BY "public.schema_migrations_id_seq"
pg_restore: creating TABLE "public.scoring_configs"
pg_restore: creating TABLE "public.season_snapshots"
pg_restore: creating TABLE "public.seasons"
pg_restore: creating TABLE "public.subscription_plans"
pg_restore: creating TABLE "public.team_members"
pg_restore: creating COMMENT "public.COLUMN team_members."position""
pg_restore: creating TABLE "public.transactions"
pg_restore: creating TABLE "public.users"
pg_restore: creating COMMENT "public.COLUMN users.reset_token"
pg_restore: creating COMMENT "public.COLUMN users.reset_token_expiry"
pg_restore: creating TABLE "public.venues"
pg_restore: creating TABLE "public.wallets"
pg_restore: creating DEFAULT "public.schema_migrations id"
pg_restore: processing data for table "public.agent_conversations"
pg_restore: processing data for table "public.agent_messages"
pg_restore: processing data for table "public.agent_quotas"
pg_restore: processing data for table "public.agent_settings"
pg_restore: processing data for table "public.agent_usage"
pg_restore: processing data for table "public.charges"
pg_restore: processing data for table "public.draw_configs"
pg_restore: processing data for table "public.event_actions"
pg_restore: processing data for table "public.event_attendance"
pg_restore: processing data for table "public.event_recurrences"
pg_restore: processing data for table "public.event_settings"
pg_restore: processing data for table "public.events"
pg_restore: processing data for table "public.expenses"
pg_restore: processing data for table "public.group_members"
pg_restore: processing data for table "public.group_subscriptions"
pg_restore: processing data for table "public.groups"
pg_restore: processing data for table "public.invites"
pg_restore: processing data for table "public.mvp_tiebreaker_votes"
pg_restore: processing data for table "public.mvp_tiebreakers"
pg_restore: processing data for table "public.player_ratings"
pg_restore: processing data for table "public.schema_migrations"
pg_restore: processing data for table "public.scoring_configs"
pg_restore: processing data for table "public.season_snapshots"
pg_restore: processing data for table "public.seasons"
pg_restore: processing data for table "public.subscription_plans"
pg_restore: processing data for table "public.team_members"
pg_restore: processing data for table "public.teams"
pg_restore: processing data for table "public.transactions"
pg_restore: processing data for table "public.users"
pg_restore: processing data for table "public.venues"
pg_restore: processing data for table "public.wallets"
pg_restore: executing SEQUENCE SET schema_migrations_id_seq
pg_restore: creating CONSTRAINT "public.agent_conversations agent_conversations_pkey"
pg_restore: creating CONSTRAINT "public.agent_messages agent_messages_pkey"
pg_restore: creating CONSTRAINT "public.agent_quotas agent_quotas_pkey"
pg_restore: creating CONSTRAINT "public.agent_settings agent_settings_pkey"
pg_restore: creating CONSTRAINT "public.agent_usage agent_usage_pkey"
pg_restore: creating CONSTRAINT "public.charges charges_pkey"
pg_restore: creating CONSTRAINT "public.draw_configs draw_configs_group_id_key"
pg_restore: creating CONSTRAINT "public.draw_configs draw_configs_pkey"
pg_restore: creating CONSTRAINT "public.event_actions event_actions_pkey"
pg_restore: creating CONSTRAINT "public.event_attendance event_attendance_event_id_user_id_key"
pg_restore: creating CONSTRAINT "public.event_attendance event_attendance_pkey"
pg_restore: creating CONSTRAINT "public.event_recurrences event_recurrences_pkey"
pg_restore: creating CONSTRAINT "public.event_settings event_settings_group_id_key"
pg_restore: creating CONSTRAINT "public.event_settings event_settings_pkey"
pg_restore: creating CONSTRAINT "public.events events_pkey"
pg_restore: creating CONSTRAINT "public.expenses expenses_pkey"
pg_restore: creating CONSTRAINT "public.group_members group_members_pkey"
pg_restore: creating CONSTRAINT "public.group_members group_members_user_id_group_id_key"
pg_restore: creating CONSTRAINT "public.group_subscriptions group_subscriptions_pkey"
pg_restore: creating CONSTRAINT "public.group_subscriptions group_subscriptions_stripe_subscription_id_key"
pg_restore: creating CONSTRAINT "public.groups groups_pkey"
pg_restore: creating CONSTRAINT "public.invites invites_code_key"
pg_restore: creating CONSTRAINT "public.invites invites_pkey"
pg_restore: creating CONSTRAINT "public.mvp_tiebreaker_votes mvp_tiebreaker_votes_pkey"
pg_restore: creating CONSTRAINT "public.mvp_tiebreaker_votes mvp_tiebreaker_votes_tiebreaker_id_voter_user_id_key"
pg_restore: creating CONSTRAINT "public.mvp_tiebreakers mvp_tiebreakers_event_id_round_key"
pg_restore: creating CONSTRAINT "public.mvp_tiebreakers mvp_tiebreakers_pkey"
pg_restore: creating CONSTRAINT "public.player_ratings player_ratings_event_id_rater_user_id_rated_user_id_key"
pg_restore: creating CONSTRAINT "public.player_ratings player_ratings_pkey"
pg_restore: creating CONSTRAINT "public.schema_migrations schema_migrations_filename_key"
pg_restore: creating CONSTRAINT "public.schema_migrations schema_migrations_pkey"
pg_restore: creating CONSTRAINT "public.scoring_configs scoring_configs_group_id_key"
pg_restore: creating CONSTRAINT "public.scoring_configs scoring_configs_pkey"
pg_restore: creating CONSTRAINT "public.season_snapshots season_snapshots_pkey"
pg_restore: creating CONSTRAINT "public.season_snapshots season_snapshots_season_id_user_id_key"
pg_restore: creating CONSTRAINT "public.seasons seasons_pkey"
pg_restore: creating CONSTRAINT "public.subscription_plans subscription_plans_pkey"
pg_restore: creating CONSTRAINT "public.team_members team_members_pkey"
pg_restore: creating CONSTRAINT "public.team_members team_members_team_id_user_id_key"
pg_restore: creating CONSTRAINT "public.teams teams_pkey"
pg_restore: creating CONSTRAINT "public.transactions transactions_pkey"
pg_restore: creating CONSTRAINT "public.users users_email_key"
pg_restore: creating CONSTRAINT "public.users users_pkey"
pg_restore: creating CONSTRAINT "public.venues venues_pkey"
pg_restore: creating CONSTRAINT "public.wallets wallets_pkey"
pg_restore: creating INDEX "public.idx_agent_conv_user_group"
pg_restore: creating INDEX "public.idx_agent_msg_conv"
pg_restore: creating INDEX "public.idx_charges_active"
pg_restore: creating INDEX "public.idx_charges_due_date"
pg_restore: creating INDEX "public.idx_charges_event"
pg_restore: creating INDEX "public.idx_charges_event_id"
pg_restore: creating INDEX "public.idx_charges_group_status"
pg_restore: creating INDEX "public.idx_charges_user_status"
pg_restore: creating INDEX "public.idx_draw_configs_created_at"
pg_restore: creating INDEX "public.idx_draw_configs_group_id"
pg_restore: creating INDEX "public.idx_event_actions_event"
pg_restore: creating INDEX "public.idx_event_actions_event_type"
pg_restore: creating INDEX "public.idx_event_actions_subject_user"
pg_restore: creating INDEX "public.idx_event_actions_team"
pg_restore: creating INDEX "public.idx_event_actions_type"
pg_restore: creating INDEX "public.idx_event_attendance_event"
pg_restore: creating INDEX "public.idx_event_attendance_event_status"
pg_restore: creating INDEX "public.idx_event_attendance_event_user"
pg_restore: creating INDEX "public.idx_event_attendance_positions"
pg_restore: creating INDEX "public.idx_event_attendance_removed_by_self"
pg_restore: creating INDEX "public.idx_event_attendance_user"
pg_restore: creating INDEX "public.idx_event_settings_group"
pg_restore: creating INDEX "public.idx_events_group"
pg_restore: creating INDEX "public.idx_events_group_starts"
pg_restore: creating INDEX "public.idx_events_starts_at"
pg_restore: creating INDEX "public.idx_events_status"
pg_restore: creating INDEX "public.idx_events_status_starts"
pg_restore: creating INDEX "public.idx_group_members_active"
pg_restore: creating INDEX "public.idx_group_members_group"
pg_restore: creating INDEX "public.idx_group_members_group_user"
pg_restore: creating INDEX "public.idx_group_members_user"
pg_restore: creating INDEX "public.idx_group_members_user_role"
pg_restore: creating INDEX "public.idx_group_subs_group"
pg_restore: creating INDEX "public.idx_group_subs_status"
pg_restore: creating INDEX "public.idx_group_subs_stripe_sub"
pg_restore: creating INDEX "public.idx_group_subs_user"
pg_restore: creating INDEX "public.idx_groups_active"
pg_restore: creating INDEX "public.idx_groups_status"
pg_restore: creating INDEX "public.idx_invites_active"
pg_restore: creating INDEX "public.idx_mv_scoreboard_event_team"
pg_restore: creating INDEX "public.idx_mvp_tiebreaker_votes_tiebreaker"
pg_restore: creating INDEX "public.idx_mvp_tiebreaker_votes_voter"
pg_restore: creating INDEX "public.idx_mvp_tiebreakers_event"
pg_restore: creating INDEX "public.idx_mvp_tiebreakers_status"
pg_restore: creating INDEX "public.idx_player_ratings_event"
pg_restore: creating INDEX "public.idx_player_ratings_rated"
pg_restore: creating INDEX "public.idx_season_snapshots_season"
pg_restore: creating INDEX "public.idx_seasons_group"
pg_restore: creating INDEX "public.idx_seasons_group_status"
pg_restore: creating INDEX "public.idx_subscription_plans_active"
pg_restore: creating INDEX "public.idx_team_members_team"
pg_restore: creating INDEX "public.idx_team_members_user"
pg_restore: creating INDEX "public.idx_teams_event"
pg_restore: creating INDEX "public.idx_users_reset_token"
pg_restore: creating INDEX "public.idx_users_stripe_customer"
pg_restore: creating INDEX "public.idx_users_system_role"
pg_restore: creating TRIGGER "public.event_actions trigger_refresh_scoreboard"
pg_restore: creating TRIGGER "public.draw_configs update_draw_configs_updated_at"
pg_restore: creating FK CONSTRAINT "public.agent_conversations agent_conversations_group_id_fkey"
pg_restore: creating FK CONSTRAINT "public.agent_conversations agent_conversations_user_id_fkey"
pg_restore: creating FK CONSTRAINT "public.agent_messages agent_messages_conversation_id_fkey"
pg_restore: creating FK CONSTRAINT "public.agent_quotas agent_quotas_updated_by_fkey"
pg_restore: creating FK CONSTRAINT "public.agent_quotas agent_quotas_user_id_fkey"
pg_restore: creating FK CONSTRAINT "public.agent_usage agent_usage_user_id_fkey"
pg_restore: creating FK CONSTRAINT "public.charges charges_group_id_fkey"
pg_restore: creating FK CONSTRAINT "public.charges charges_user_id_fkey"
pg_restore: creating FK CONSTRAINT "public.draw_configs draw_configs_created_by_fkey"
pg_restore: creating FK CONSTRAINT "public.draw_configs draw_configs_group_id_fkey"
pg_restore: creating FK CONSTRAINT "public.event_actions event_actions_actor_user_id_fkey"
pg_restore: creating FK CONSTRAINT "public.event_actions event_actions_event_id_fkey"
pg_restore: creating FK CONSTRAINT "public.event_actions event_actions_subject_user_id_fkey"
pg_restore: creating FK CONSTRAINT "public.event_actions event_actions_team_id_fkey"
pg_restore: creating FK CONSTRAINT "public.event_attendance event_attendance_event_id_fkey"
pg_restore: creating FK CONSTRAINT "public.event_attendance event_attendance_user_id_fkey"
pg_restore: creating FK CONSTRAINT "public.event_recurrences event_recurrences_created_by_fkey"
pg_restore: creating FK CONSTRAINT "public.event_recurrences event_recurrences_group_id_fkey"
pg_restore: creating FK CONSTRAINT "public.event_recurrences event_recurrences_venue_id_fkey"
pg_restore: creating FK CONSTRAINT "public.event_settings event_settings_created_by_fkey"
pg_restore: creating FK CONSTRAINT "public.event_settings event_settings_group_id_fkey"
pg_restore: creating FK CONSTRAINT "public.events events_created_by_fkey"
pg_restore: creating FK CONSTRAINT "public.events events_group_id_fkey"
pg_restore: creating FK CONSTRAINT "public.events events_recurrence_id_fkey"
pg_restore: creating FK CONSTRAINT "public.events events_venue_id_fkey"
pg_restore: creating FK CONSTRAINT "public.expenses expenses_created_by_fkey"
pg_restore: creating FK CONSTRAINT "public.expenses expenses_group_id_fkey"
pg_restore: creating FK CONSTRAINT "public.charges fk_charges_event"
pg_restore: creating FK CONSTRAINT "public.group_members group_members_group_id_fkey"
pg_restore: creating FK CONSTRAINT "public.group_members group_members_user_id_fkey"
pg_restore: creating FK CONSTRAINT "public.group_subscriptions group_subscriptions_group_id_fkey"
pg_restore: creating FK CONSTRAINT "public.group_subscriptions group_subscriptions_plan_id_fkey"
pg_restore: creating FK CONSTRAINT "public.group_subscriptions group_subscriptions_user_id_fkey"
pg_restore: creating FK CONSTRAINT "public.groups groups_created_by_fkey"
pg_restore: creating FK CONSTRAINT "public.groups groups_status_updated_by_fkey"
pg_restore: creating FK CONSTRAINT "public.invites invites_created_by_fkey"
pg_restore: creating FK CONSTRAINT "public.invites invites_group_id_fkey"
pg_restore: creating FK CONSTRAINT "public.mvp_tiebreaker_votes mvp_tiebreaker_votes_tiebreaker_id_fkey"
pg_restore: creating FK CONSTRAINT "public.mvp_tiebreaker_votes mvp_tiebreaker_votes_voted_user_id_fkey"
pg_restore: creating FK CONSTRAINT "public.mvp_tiebreaker_votes mvp_tiebreaker_votes_voter_user_id_fkey"
pg_restore: creating FK CONSTRAINT "public.mvp_tiebreakers mvp_tiebreakers_decided_by_fkey"
pg_restore: creating FK CONSTRAINT "public.mvp_tiebreakers mvp_tiebreakers_event_id_fkey"
pg_restore: creating FK CONSTRAINT "public.mvp_tiebreakers mvp_tiebreakers_winner_user_id_fkey"
pg_restore: creating FK CONSTRAINT "public.player_ratings player_ratings_event_id_fkey"
pg_restore: creating FK CONSTRAINT "public.player_ratings player_ratings_rated_user_id_fkey"
pg_restore: creating FK CONSTRAINT "public.player_ratings player_ratings_rater_user_id_fkey"
pg_restore: creating FK CONSTRAINT "public.scoring_configs scoring_configs_created_by_fkey"
pg_restore: creating FK CONSTRAINT "public.scoring_configs scoring_configs_group_id_fkey"
pg_restore: creating FK CONSTRAINT "public.season_snapshots season_snapshots_season_id_fkey"
pg_restore: creating FK CONSTRAINT "public.season_snapshots season_snapshots_user_id_fkey"
pg_restore: creating FK CONSTRAINT "public.seasons seasons_created_by_fkey"
pg_restore: creating FK CONSTRAINT "public.seasons seasons_group_id_fkey"
pg_restore: creating FK CONSTRAINT "public.team_members team_members_team_id_fkey"
pg_restore: creating FK CONSTRAINT "public.team_members team_members_user_id_fkey"
pg_restore: creating FK CONSTRAINT "public.teams teams_event_id_fkey"
pg_restore: creating FK CONSTRAINT "public.transactions transactions_charge_id_fkey"
pg_restore: creating FK CONSTRAINT "public.transactions transactions_created_by_fkey"
pg_restore: creating FK CONSTRAINT "public.transactions transactions_wallet_id_fkey"
pg_restore: creating FK CONSTRAINT "public.venues venues_group_id_fkey"
pg_restore: creating MATERIALIZED VIEW DATA "public.mv_event_scoreboard"
pg_restore: warning: errors ignored on restore: 1

❌ Erro na migração:
pg_restore saiu com código 1
Error: pg_restore saiu com código 1
    at ChildProcess.<anonymous> (file:///C:/Users/Luisf/Github/Convoca/scripts/migrate-to-neon.mjs:114:19)
    at ChildProcess.emit (node:events:508:28)
    at maybeClose (node:internal/child_process:1101:16)
    at ChildProcess._handle.onexit (node:internal/child_process:305:5)
